// Jest Snapshot v1, https://goo.gl/fbAQLP

exports[`Container: LeftSidebar should render correct layout 1`] = `
<LeftSidebarstyles__StyledSider
  collapsed={true}
  collapsedWidth={0}
  collapsible={true}
  trigger={
    <LeftSidebarToggler
      collapsed={true}
      height={48}
      onClick={[Function]}
    />
  }
  width={300}
>
  <LeftSidebarstyles__TabsStyled
    defaultActiveKey="1"
  >
    <DeprecatedTabPane
      key="All Objects"
      tab="All Objects"
    >
      <LeftSidebarstyles__TabContent
        height={0}
      >
        <Connect(AllMarkupObjects) />
      </LeftSidebarstyles__TabContent>
    </DeprecatedTabPane>
    <DeprecatedTabPane
      key="JSON Preview"
      tab="JSON Preview"
    >
      <LeftSidebarstyles__TabContent
        height={0}
      >
        <Connect(PreviewJson) />
      </LeftSidebarstyles__TabContent>
    </DeprecatedTabPane>
  </LeftSidebarstyles__TabsStyled>
</LeftSidebarstyles__StyledSider>
`;
